stm32_tm1637.c:52:6:tm1637Init	40	static
stm32_tm1637.c:77:6:tm1637DisplayFloat	40	static
stm32_tm1637.c:175:6:tm1637DisplayDecimal	32	static
stm32_tm1637.c:205:6:tm1637SetBrightness	16	static
stm32_tm1637.c:218:6:_tm1637Start	8	static
stm32_tm1637.c:226:6:_tm1637Stop	8	static
stm32_tm1637.c:237:6:_tm1637ReadResult	8	static
stm32_tm1637.c:247:6:_tm1637WriteByte	24	static
stm32_tm1637.c:264:6:_tm1637DelayUsec	24	static
stm32_tm1637.c:279:6:_tm1637ClkHigh	8	static
stm32_tm1637.c:284:6:_tm1637ClkLow	8	static
stm32_tm1637.c:289:6:_tm1637DioHigh	8	static
stm32_tm1637.c:294:6:_tm1637DioLow	8	static
